// Jest Snapshot v1, https://goo.gl/fbAQLP

exports[`Storyshots Example/Button Default 1`] = `
<button
  onClick={[Function]}
  type="button"
>
  Click 
  0
   
  times
</button>
`;
